// Jest Snapshot v1, https://goo.gl/fbAQLP

exports[`OAuth Gateway fetchExchangeToken() should match snapshot with valid access token 1`] = `
Object {
  "code": "code",
  "creatingClientId": "client-id",
  "expiresInSeconds": 299,
}
`;

exports[`OAuth Gateway fetchFortniteToken() should match snapshot with correct exchange code 1`] = `
Object {
  "access_token": "access-token",
  "account_id": "account-id",
  "app": "launcher",
  "client_id": "client-id",
  "client_service": "launcher",
  "expires_at": "2018-08-17T14:59:39.368Z",
  "expires_in": 28800,
  "in_app_id": "app-id",
  "internal_client": true,
  "lastPasswordValidation": "2018-08-17T06:59:39.368Z",
  "refresh_expires": 1987200,
  "refresh_expires_at": "2018-09-09T06:59:39.368Z",
  "refresh_token": "refresh-token",
  "token_type": "bearer",
}
`;

exports[`OAuth Gateway fetchLauncherToken() should match snapshot with correct username/password 1`] = `
Object {
  "access_token": "access-token",
  "account_id": "account-id",
  "app": "launcher",
  "client_id": "client-id",
  "client_service": "launcher",
  "expires_at": "2018-08-17T14:59:39.368Z",
  "expires_in": 28800,
  "in_app_id": "app-id",
  "internal_client": true,
  "lastPasswordValidation": "2018-08-17T06:59:39.368Z",
  "refresh_expires": 1987200,
  "refresh_expires_at": "2018-09-09T06:59:39.368Z",
  "refresh_token": "refresh-token",
  "token_type": "bearer",
}
`;

exports[`OAuth Gateway fetchRefreshToken() should match snapshot with correct refresh token 1`] = `
Object {
  "access_token": "access-token",
  "account_id": "account-id",
  "app": "launcher",
  "client_id": "client-id",
  "client_service": "launcher",
  "expires_at": "2018-08-17T14:59:39.368Z",
  "expires_in": 28800,
  "in_app_id": "app-id",
  "internal_client": true,
  "lastPasswordValidation": "2018-08-17T06:59:39.368Z",
  "refresh_expires": 1987200,
  "refresh_expires_at": "2018-09-09T06:59:39.368Z",
  "refresh_token": "refresh-token",
  "token_type": "bearer",
}
`;
